// Vitest Snapshot v1, https://vitest.dev/guide/snapshot.html

exports[`unsupportedConstructs — inventário estável do que o v2 NÃO representa > é estável nos 24 exercícios (snapshot) e não contém construto fora do documentado 1`] = `
{
  "00bubble": [
    "EdgesGroups",
    "group",
    "link",
  ],
  "01watermelon": [
    "EdgesGroups",
    "group",
    "link",
  ],
  "02watermelon": [
    "EdgesGroups",
    "group",
    "link",
  ],
  "03summerBooks": [
    "EdgesGroups",
    "group",
    "link",
  ],
  "04soccerSeason": [
    "EdgesGroups",
    "group",
    "link",
  ],
  "05flu": [
    "EdgesGroups",
    "group",
    "link",
  ],
  "06lemonade": [
    "EdgesGroups",
    "group",
    "link",
  ],
  "07pizza": [
    "EdgesGroups",
    "group",
    "link",
  ],
  "08dentists": [
    "EdgesGroups",
    "group",
    "link",
  ],
  "09mathCompetition": [
    "EdgesGroups",
    "group",
    "link",
  ],
  "10children": [
    "EdgesGroups",
    "group",
    "link",
  ],
  "11project": [
    "EdgesGroups",
    "group",
    "link",
  ],
  "12apples": [
    "EdgesGroups",
    "group",
    "link",
  ],
  "13cleanRoom": [
    "EdgesGroups",
    "group",
    "link",
  ],
  "14centimeter": [
    "EdgesGroups",
    "group",
    "link",
  ],
  "15fishStick": [
    "EdgesGroups",
    "group",
    "link",
  ],
  "16bonusQuestion": [
    "EdgesGroups",
    "group",
    "link",
  ],
  "17pencils": [
    "EdgesGroups",
    "group",
    "link",
  ],
  "18gum": [
    "EdgesGroups",
    "group",
    "link",
  ],
  "19Painting": [
    "EdgesGroups",
    "group",
    "link",
  ],
  "20birthday": [
    "EdgesGroups",
    "group",
    "link",
  ],
  "21mnm": [
    "EdgesGroups",
    "group",
    "link",
  ],
  "22biscuit": [
    "EdgesGroups",
    "group",
    "link",
  ],
  "23textbookPack": [
    "EdgesGroups",
    "group",
    "link",
  ],
}
`;
